******************************************************************************
             TMS320C2000 Linker PC v22.6.0                     
******************************************************************************
>> Linked Wed Feb  5 20:17:40 2025

OUTPUT FILE NAME:   <../racecar_shiftlight.out>
ENTRY POINT SYMBOL: "_c_int00"  address: 00084c8e


MEMORY CONFIGURATION

         name            origin    length      used     unused   attr    fill
----------------------  --------  ---------  --------  --------  ----  --------
PAGE 0:
  BEGIN                 00000000   00000002  00000000  00000002  RWIX
  RAMLS_PROG            00008000   00002000  0000009f  00001f61  RWIX
  BEGIN_FLASH           00080000   00000002  00000002  00000000  RWIX
  FLASHA_N              00080002   0003fffe  0000616d  00039e91  RWIX
  RESET                 003fffc0   00000002  00000000  00000002  RWIX

PAGE 1:
  BOOT_RSVD             00000002   00000120  00000000  00000120  RWIX
  RAMM0M1               00000122   000006de  00000400  000002de  RWIX
  ADCARESULT            00000b00   00000018  00000018  00000000  RWIX
  ADCBRESULT            00000b20   00000018  00000018  00000000  RWIX
  ADCCRESULT            00000b40   00000018  00000018  00000000  RWIX
  ADCDRESULT            00000b60   00000018  00000018  00000000  RWIX
  CPU_TIMER0            00000c00   00000008  00000008  00000000  RWIX
  CPU_TIMER1            00000c08   00000008  00000008  00000000  RWIX
  CPU_TIMER2            00000c10   00000008  00000008  00000000  RWIX
  PIE_CTRL              00000ce0   00000020  0000001a  00000006  RWIX
  PIE_VECT              00000d00   00000200  000001c0  00000040  RWIX
  DMA                   00001000   00000200  000000e0  00000120  RWIX
  CLA1                  00001400   00000040  0000003e  00000002  RWIX
  CLA1_MSGRAMLOW        00001480   00000080  00000000  00000080  RWIX
  CLA1_MSGRAMHIGH       00001500   00000080  00000000  00000080  RWIX
  CLB1LOGICCFG          00003000   00000052  0000003e  00000014  RWIX
  CLB1LOGICCTRL         00003100   00000040  00000040  00000000  RWIX
  CLB1DATAEXCH          00003200   00000200  00000108  000000f8  RWIX
  CLB2LOGICCFG          00003400   00000052  0000003e  00000014  RWIX
  CLB2LOGICCTRL         00003500   00000040  00000040  00000000  RWIX
  CLB2DATAEXCH          00003600   00000200  00000108  000000f8  RWIX
  CLB3LOGICCFG          00003800   00000052  0000003e  00000014  RWIX
  CLB3LOGICCTRL         00003900   00000040  00000040  00000000  RWIX
  CLB3DATAEXCH          00003a00   00000200  00000108  000000f8  RWIX
  CLB4LOGICCFG          00003c00   00000052  0000003e  00000014  RWIX
  CLB4LOGICCTRL         00003d00   00000040  00000040  00000000  RWIX
  CLB4DATAEXCH          00003e00   00000200  00000108  000000f8  RWIX
  EPWM1                 00004000   00000100  00000100  00000000  RWIX
  EPWM2                 00004100   00000100  00000100  00000000  RWIX
  EPWM3                 00004200   00000100  00000100  00000000  RWIX
  EPWM4                 00004300   00000100  00000100  00000000  RWIX
  EPWM5                 00004400   00000100  00000100  00000000  RWIX
  EPWM6                 00004500   00000100  00000100  00000000  RWIX
  EPWM7                 00004600   00000100  00000100  00000000  RWIX
  EPWM8                 00004700   00000100  00000100  00000000  RWIX
  EPWM9                 00004800   00000100  00000100  00000000  RWIX
  EPWM10                00004900   00000100  00000100  00000000  RWIX
  EPWM11                00004a00   00000100  00000100  00000000  RWIX
  EPWM12                00004b00   00000100  00000100  00000000  RWIX
  ECAP1                 00005000   00000020  0000001a  00000006  RWIX
  ECAP2                 00005020   00000020  0000001a  00000006  RWIX
  ECAP3                 00005040   00000020  0000001a  00000006  RWIX
  ECAP4                 00005060   00000020  0000001a  00000006  RWIX
  ECAP5                 00005080   00000020  0000001a  00000006  RWIX
  ECAP6                 000050a0   00000020  0000001a  00000006  RWIX
  EQEP1                 00005100   00000040  00000022  0000001e  RWIX
  EQEP2                 00005140   00000040  00000022  0000001e  RWIX
  EQEP3                 00005180   00000040  00000022  0000001e  RWIX
  DACA                  00005c00   00000010  00000007  00000009  RWIX
  DACB                  00005c10   00000010  00000007  00000009  RWIX
  DACC                  00005c20   00000010  00000007  00000009  RWIX
  CMPSS1                00005c80   00000020  0000001b  00000005  RWIX
  CMPSS2                00005ca0   00000020  0000001b  00000005  RWIX
  CMPSS3                00005cc0   00000020  0000001b  00000005  RWIX
  CMPSS4                00005ce0   00000020  0000001b  00000005  RWIX
  CMPSS5                00005d00   00000020  0000001b  00000005  RWIX
  CMPSS6                00005d20   00000020  0000001b  00000005  RWIX
  CMPSS7                00005d40   00000020  0000001b  00000005  RWIX
  CMPSS8                00005d60   00000020  0000001b  00000005  RWIX
  SDFM1                 00005e00   00000080  00000048  00000038  RWIX
  SDFM2                 00005e80   00000080  00000048  00000038  RWIX
  MCBSPA                00006000   00000040  00000024  0000001c  RWIX
  MCBSPB                00006040   00000040  00000024  0000001c  RWIX
  SPIA                  00006100   00000010  00000010  00000000  RWIX
  SPIB                  00006110   00000010  00000010  00000000  RWIX
  SPIC                  00006120   00000010  00000010  00000000  RWIX
  SPID                  00006130   00000010  00000000  00000010  RWIX
  UPP                   00006200   00000100  00000048  000000b8  RWIX
  WD                    00007000   00000040  0000002b  00000015  RWIX
  NMIINTRUPT            00007060   00000010  00000007  00000009  RWIX
  XINT                  00007070   00000010  0000000b  00000005  RWIX
  SCIA                  00007200   00000010  00000010  00000000  RWIX
  SCIB                  00007210   00000010  00000010  00000000  RWIX
  SCIC                  00007220   00000010  00000010  00000000  RWIX
  SCID                  00007230   00000010  00000010  00000000  RWIX
  I2CA                  00007300   00000040  00000022  0000001e  RWIX
  I2CB                  00007340   00000040  00000022  0000001e  RWIX
  ADCA                  00007400   00000080  0000007c  00000004  RWIX
  ADCB                  00007480   00000080  0000007c  00000004  RWIX
  ADCC                  00007500   00000080  0000007c  00000004  RWIX
  ADCD                  00007580   00000080  0000007c  00000004  RWIX
  INPUT_XBAR            00007900   00000020  00000020  00000000  RWIX
  XBAR                  00007920   00000020  0000000e  00000012  RWIX
  SYNC_SOC              00007940   00000010  00000006  0000000a  RWIX
  DMACLASRCSEL          00007980   00000040  0000001a  00000026  RWIX
  EPWM_XBAR             00007a00   00000040  00000040  00000000  RWIX
  CLB_XBAR              00007a40   00000040  00000040  00000000  RWIX
  OUTPUT_XBAR           00007a80   00000040  00000040  00000000  RWIX
  GPIOCTRL              00007c00   00000180  00000180  00000000  RWIX
  GPIODAT               00007f00   00000030  00000030  00000000  RWIX
  RAMLS_DATA            0000a000   00001000  00000000  00001000  RWIX
  RAMD0D1               0000b000   00001000  00000000  00001000  RWIX
  RAMGS_IPCBuffCPU1     0000c000   00001000  00000000  00001000  RWIX
  RAMGS_IPCBuffCPU2     0000d000   00001000  00000000  00001000  RWIX
  RAMGS_DATA            0000e000   00007000  000019d3  0000562d  RWIX
  CPU2TOCPU1RAM         0003f800   00000400  00000000  00000400  RWIX
  CPU1TOCPU2RAM         0003fc00   00000400  00000000  00000400  RWIX
  EMIF1                 00047000   00000800  00000028  000007d8  RWIX
  EMIF2                 00047800   00000800  00000028  000007d8  RWIX
  CANA                  00048000   00000200  00000164  0000009c  RWIX
  CANB                  0004a000   00000200  00000164  0000009c  RWIX
  IPC                   00050000   00000024  00000024  00000000  RWIX
  FLASHPUMPSEMAPHORE    00050024   00000002  00000002  00000000  RWIX
  DEV_CFG               0005d000   00000180  0000012e  00000052  RWIX
  ANALOG_SUBSYS         0005d180   00000080  0000003e  00000042  RWIX
  CLK_CFG               0005d200   00000100  00000032  000000ce  RWIX
  CPU_SYS               0005d300   00000100  00000082  0000007e  RWIX
  ROMPREFETCH           0005e608   00000002  00000002  00000000  RWIX
  DCSM_Z1               0005f000   00000030  00000022  0000000e  RWIX
  DCSM_Z2               0005f040   00000030  00000022  0000000e  RWIX
  DCSM_COMMON           0005f070   00000010  00000006  0000000a  RWIX
  MEMCFG                0005f400   00000080  00000076  0000000a  RWIX
  EMIF1CONFIG           0005f480   00000020  0000000a  00000016  RWIX
  EMIF2CONFIG           0005f4a0   00000020  0000000a  00000016  RWIX
  ACCESSPROTECTION      0005f4c0   00000040  0000002e  00000012  RWIX
  MEMORYERROR           0005f500   00000040  0000003a  00000006  RWIX
  ROMWAITSTATE          0005f540   00000002  00000002  00000000  RWIX
  FLASH0_CTRL           0005f800   00000300  00000182  0000017e  RWIX
  FLASH0_ECC            0005fb00   00000040  00000028  00000018  RWIX
  DCSM_Z1_OTP           00078000   00000020  00000000  00000020  RWIX
  DCSM_Z2_OTP           00078200   00000020  00000000  00000020  RWIX


SECTION ALLOCATION MAP

 output                                  attributes/
section   page    origin      length       input sections
--------  ----  ----------  ----------   ----------------
codestart 
*          0    00080000    00000002     
                  00080000    00000002     F2837xD_CodeStartBranch.obj (codestart)

ramfuncs   0    00080004    00000060     RUN ADDR = 00008000
                  00080004    00000037     rtiostream_serial_c28x_ext_xcp.obj (ramfuncs:retain)
                  0008003b    00000029     datamodify_xcp.obj (ramfuncs)

AdcaResultRegsFile 
*          1    00000b00    00000018     UNINITIALIZED
                  00000b00    00000018     F2837xD_GlobalVariableDefs.obj (AdcaResultRegsFile)

AdcbResultRegsFile 
*          1    00000b20    00000018     UNINITIALIZED
                  00000b20    00000018     F2837xD_GlobalVariableDefs.obj (AdcbResultRegsFile)

AdccResultRegsFile 
*          1    00000b40    00000018     UNINITIALIZED
                  00000b40    00000018     F2837xD_GlobalVariableDefs.obj (AdccResultRegsFile)

AdcdResultRegsFile 
*          1    00000b60    00000018     UNINITIALIZED
                  00000b60    00000018     F2837xD_GlobalVariableDefs.obj (AdcdResultRegsFile)

CpuTimer0RegsFile 
*          1    00000c00    00000008     UNINITIALIZED
                  00000c00    00000008     F2837xD_GlobalVariableDefs.obj (CpuTimer0RegsFile)

CpuTimer1RegsFile 
*          1    00000c08    00000008     UNINITIALIZED
                  00000c08    00000008     F2837xD_GlobalVariableDefs.obj (CpuTimer1RegsFile)

CpuTimer2RegsFile 
*          1    00000c10    00000008     UNINITIALIZED
                  00000c10    00000008     F2837xD_GlobalVariableDefs.obj (CpuTimer2RegsFile)

PieCtrlRegsFile 
*          1    00000ce0    0000001a     UNINITIALIZED
                  00000ce0    0000001a     F2837xD_GlobalVariableDefs.obj (PieCtrlRegsFile)

PieVectTableFile 
*          1    00000d00    000001c0     UNINITIALIZED
                  00000d00    000001c0     F2837xD_GlobalVariableDefs.obj (PieVectTableFile)

EmuKeyVar 
*          1    00000d00    00000000     UNINITIALIZED

EmuBModeVar 
*          1    00000d00    00000000     UNINITIALIZED

FlashCallbackVar 
*          1    00000d00    00000000     UNINITIALIZED

FlashScalingVar 
*          1    00000d00    00000000     UNINITIALIZED

Cla1RegsFile 
*          1    00001400    0000003e     UNINITIALIZED
                  00001400    0000003e     F2837xD_GlobalVariableDefs.obj (Cla1RegsFile)

Clb1LogicCfgRegsFile 
*          1    00003000    0000003e     UNINITIALIZED
                  00003000    0000003e     F2837xD_GlobalVariableDefs.obj (Clb1LogicCfgRegsFile)

Clb1LogicCtrlRegsFile 
*          1    00003100    00000040     UNINITIALIZED
                  00003100    00000040     F2837xD_GlobalVariableDefs.obj (Clb1LogicCtrlRegsFile)

Clb2LogicCfgRegsFile 
*          1    00003400    0000003e     UNINITIALIZED
                  00003400    0000003e     F2837xD_GlobalVariableDefs.obj (Clb2LogicCfgRegsFile)

Clb2LogicCtrlRegsFile 
*          1    00003500    00000040     UNINITIALIZED
                  00003500    00000040     F2837xD_GlobalVariableDefs.obj (Clb2LogicCtrlRegsFile)

Clb3LogicCfgRegsFile 
*          1    00003800    0000003e     UNINITIALIZED
                  00003800    0000003e     F2837xD_GlobalVariableDefs.obj (Clb3LogicCfgRegsFile)

Clb3LogicCtrlRegsFile 
*          1    00003900    00000040     UNINITIALIZED
                  00003900    00000040     F2837xD_GlobalVariableDefs.obj (Clb3LogicCtrlRegsFile)

Clb4LogicCfgRegsFile 
*          1    00003c00    0000003e     UNINITIALIZED
                  00003c00    0000003e     F2837xD_GlobalVariableDefs.obj (Clb4LogicCfgRegsFile)

Clb4LogicCtrlRegsFile 
*          1    00003d00    00000040     UNINITIALIZED
                  00003d00    00000040     F2837xD_GlobalVariableDefs.obj (Clb4LogicCtrlRegsFile)

EPwm1RegsFile 
*          1    00004000    00000100     UNINITIALIZED
                  00004000    00000100     F2837xD_GlobalVariableDefs.obj (EPwm1RegsFile)

EPwm2RegsFile 
*          1    00004100    00000100     UNINITIALIZED
                  00004100    00000100     F2837xD_GlobalVariableDefs.obj (EPwm2RegsFile)

EPwm3RegsFile 
*          1    00004200    00000100     UNINITIALIZED
                  00004200    00000100     F2837xD_GlobalVariableDefs.obj (EPwm3RegsFile)

EPwm4RegsFile 
*          1    00004300    00000100     UNINITIALIZED
                  00004300    00000100     F2837xD_GlobalVariableDefs.obj (EPwm4RegsFile)

EPwm5RegsFile 
*          1    00004400    00000100     UNINITIALIZED
                  00004400    00000100     F2837xD_GlobalVariableDefs.obj (EPwm5RegsFile)

EPwm6RegsFile 
*          1    00004500    00000100     UNINITIALIZED
                  00004500    00000100     F2837xD_GlobalVariableDefs.obj (EPwm6RegsFile)

EPwm7RegsFile 
*          1    00004600    00000100     UNINITIALIZED
                  00004600    00000100     F2837xD_GlobalVariableDefs.obj (EPwm7RegsFile)

EPwm8RegsFile 
*          1    00004700    00000100     UNINITIALIZED
                  00004700    00000100     F2837xD_GlobalVariableDefs.obj (EPwm8RegsFile)

EPwm9RegsFile 
*          1    00004800    00000100     UNINITIALIZED
                  00004800    00000100     F2837xD_GlobalVariableDefs.obj (EPwm9RegsFile)

EPwm10RegsFile 
*          1    00004900    00000100     UNINITIALIZED
                  00004900    00000100     F2837xD_GlobalVariableDefs.obj (EPwm10RegsFile)

EPwm11RegsFile 
*          1    00004a00    00000100     UNINITIALIZED
                  00004a00    00000100     F2837xD_GlobalVariableDefs.obj (EPwm11RegsFile)

EPwm12RegsFile 
*          1    00004b00    00000100     UNINITIALIZED
                  00004b00    00000100     F2837xD_GlobalVariableDefs.obj (EPwm12RegsFile)

ECap1RegsFile 
*          1    00005000    0000001a     UNINITIALIZED
                  00005000    0000001a     F2837xD_GlobalVariableDefs.obj (ECap1RegsFile)

ECap2RegsFile 
*          1    00005020    0000001a     UNINITIALIZED
                  00005020    0000001a     F2837xD_GlobalVariableDefs.obj (ECap2RegsFile)

ECap3RegsFile 
*          1    00005040    0000001a     UNINITIALIZED
                  00005040    0000001a     F2837xD_GlobalVariableDefs.obj (ECap3RegsFile)

ECap4RegsFile 
*          1    00005060    0000001a     UNINITIALIZED
                  00005060    0000001a     F2837xD_GlobalVariableDefs.obj (ECap4RegsFile)

ECap5RegsFile 
*          1    00005080    0000001a     UNINITIALIZED
                  00005080    0000001a     F2837xD_GlobalVariableDefs.obj (ECap5RegsFile)

ECap6RegsFile 
*          1    000050a0    0000001a     UNINITIALIZED
                  000050a0    0000001a     F2837xD_GlobalVariableDefs.obj (ECap6RegsFile)

EQep1RegsFile 
*          1    00005100    00000022     UNINITIALIZED
                  00005100    00000022     F2837xD_GlobalVariableDefs.obj (EQep1RegsFile)

EQep2RegsFile 
*          1    00005140    00000022     UNINITIALIZED
                  00005140    00000022     F2837xD_GlobalVariableDefs.obj (EQep2RegsFile)

EQep3RegsFile 
*          1    00005180    00000022     UNINITIALIZED
                  00005180    00000022     F2837xD_GlobalVariableDefs.obj (EQep3RegsFile)

DacaRegsFile 
*          1    00005c00    00000007     UNINITIALIZED
                  00005c00    00000007     F2837xD_GlobalVariableDefs.obj (DacaRegsFile)

DacbRegsFile 
*          1    00005c10    00000007     UNINITIALIZED
                  00005c10    00000007     F2837xD_GlobalVariableDefs.obj (DacbRegsFile)

DaccRegsFile 
*          1    00005c20    00000007     UNINITIALIZED
                  00005c20    00000007     F2837xD_GlobalVariableDefs.obj (DaccRegsFile)

Cmpss1RegsFile 
*          1    00005c80    0000001b     UNINITIALIZED
                  00005c80    0000001b     F2837xD_GlobalVariableDefs.obj (Cmpss1RegsFile)

Cmpss2RegsFile 
*          1    00005ca0    0000001b     UNINITIALIZED
                  00005ca0    0000001b     F2837xD_GlobalVariableDefs.obj (Cmpss2RegsFile)

Cmpss3RegsFile 
*          1    00005cc0    0000001b     UNINITIALIZED
                  00005cc0    0000001b     F2837xD_GlobalVariableDefs.obj (Cmpss3RegsFile)

Cmpss4RegsFile 
*          1    00005ce0    0000001b     UNINITIALIZED
                  00005ce0    0000001b     F2837xD_GlobalVariableDefs.obj (Cmpss4RegsFile)

Cmpss5RegsFile 
*          1    00005d00    0000001b     UNINITIALIZED
                  00005d00    0000001b     F2837xD_GlobalVariableDefs.obj (Cmpss5RegsFile)

Cmpss6RegsFile 
*          1    00005d20    0000001b     UNINITIALIZED
                  00005d20    0000001b     F2837xD_GlobalVariableDefs.obj (Cmpss6RegsFile)

Cmpss7RegsFile 
*          1    00005d40    0000001b     UNINITIALIZED
                  00005d40    0000001b     F2837xD_GlobalVariableDefs.obj (Cmpss7RegsFile)

Cmpss8RegsFile 
*          1    00005d60    0000001b     UNINITIALIZED
                  00005d60    0000001b     F2837xD_GlobalVariableDefs.obj (Cmpss8RegsFile)

I2caRegsFile 
*          1    00007300    00000022     UNINITIALIZED
                  00007300    00000022     F2837xD_GlobalVariableDefs.obj (I2caRegsFile)

I2cbRegsFile 
*          1    00007340    00000022     UNINITIALIZED
                  00007340    00000022     F2837xD_GlobalVariableDefs.obj (I2cbRegsFile)

AdcaRegsFile 
*          1    00007400    0000007c     UNINITIALIZED
                  00007400    0000007c     F2837xD_GlobalVariableDefs.obj (AdcaRegsFile)

AdcbRegsFile 
*          1    00007480    0000007c     UNINITIALIZED
                  00007480    0000007c     F2837xD_GlobalVariableDefs.obj (AdcbRegsFile)

AdccRegsFile 
*          1    00007500    0000007c     UNINITIALIZED
                  00007500    0000007c     F2837xD_GlobalVariableDefs.obj (AdccRegsFile)

AdcdRegsFile 
*          1    00007580    0000007c     UNINITIALIZED
                  00007580    0000007c     F2837xD_GlobalVariableDefs.obj (AdcdRegsFile)

CanaRegsFile 
*          1    00048000    00000164     UNINITIALIZED
                  00048000    00000164     F2837xD_GlobalVariableDefs.obj (CanaRegsFile)

CanbRegsFile 
*          1    0004a000    00000164     UNINITIALIZED
                  0004a000    00000164     F2837xD_GlobalVariableDefs.obj (CanbRegsFile)

AnalogSubsysRegsFile 
*          1    0005d180    0000003e     UNINITIALIZED
                  0005d180    0000003e     F2837xD_GlobalVariableDefs.obj (AnalogSubsysRegsFile)

Cla1SoftIntRegsFile 
*          1    00000ce0    00000000     DSECT

Clb1DataExchRegsFile 
*          1    00003200    00000108     UNINITIALIZED
                  00003200    00000108     F2837xD_GlobalVariableDefs.obj (Clb1DataExchRegsFile)

Clb2DataExchRegsFile 
*          1    00003600    00000108     UNINITIALIZED
                  00003600    00000108     F2837xD_GlobalVariableDefs.obj (Clb2DataExchRegsFile)

Clb3DataExchRegsFile 
*          1    00003a00    00000108     UNINITIALIZED
                  00003a00    00000108     F2837xD_GlobalVariableDefs.obj (Clb3DataExchRegsFile)

Clb4DataExchRegsFile 
*          1    00003e00    00000108     UNINITIALIZED
                  00003e00    00000108     F2837xD_GlobalVariableDefs.obj (Clb4DataExchRegsFile)

Sdfm1RegsFile 
*          1    00005e00    00000048     UNINITIALIZED
                  00005e00    00000048     F2837xD_GlobalVariableDefs.obj (Sdfm1RegsFile)

Sdfm2RegsFile 
*          1    00005e80    00000048     UNINITIALIZED
                  00005e80    00000048     F2837xD_GlobalVariableDefs.obj (Sdfm2RegsFile)

McbspaRegsFile 
*          1    00006000    00000024     UNINITIALIZED
                  00006000    00000024     F2837xD_GlobalVariableDefs.obj (McbspaRegsFile)

McbspbRegsFile 
*          1    00006040    00000024     UNINITIALIZED
                  00006040    00000024     F2837xD_GlobalVariableDefs.obj (McbspbRegsFile)

SpiaRegsFile 
*          1    00006100    00000010     UNINITIALIZED
                  00006100    00000010     F2837xD_GlobalVariableDefs.obj (SpiaRegsFile)

SpibRegsFile 
*          1    00006110    00000010     UNINITIALIZED
                  00006110    00000010     F2837xD_GlobalVariableDefs.obj (SpibRegsFile)

SpicRegsFile 
*          1    00006120    00000010     UNINITIALIZED
                  00006120    00000010     F2837xD_GlobalVariableDefs.obj (SpicRegsFile)

UppRegsFile 
*          1    00006200    00000048     UNINITIALIZED
                  00006200    00000048     F2837xD_GlobalVariableDefs.obj (UppRegsFile)

WdRegsFile 
*          1    00007000    0000002b     UNINITIALIZED
                  00007000    0000002b     F2837xD_GlobalVariableDefs.obj (WdRegsFile)

NmiIntruptRegsFile 
*          1    00007060    00000007     UNINITIALIZED
                  00007060    00000007     F2837xD_GlobalVariableDefs.obj (NmiIntruptRegsFile)

XintRegsFile 
*          1    00007070    0000000b     UNINITIALIZED
                  00007070    0000000b     F2837xD_GlobalVariableDefs.obj (XintRegsFile)

SciaRegsFile 
*          1    00007200    00000010     UNINITIALIZED
                  00007200    00000010     F2837xD_GlobalVariableDefs.obj (SciaRegsFile)

ScibRegsFile 
*          1    00007210    00000010     UNINITIALIZED
                  00007210    00000010     F2837xD_GlobalVariableDefs.obj (ScibRegsFile)

ScicRegsFile 
*          1    00007220    00000010     UNINITIALIZED
                  00007220    00000010     F2837xD_GlobalVariableDefs.obj (ScicRegsFile)

ScidRegsFile 
*          1    00007230    00000010     UNINITIALIZED
                  00007230    00000010     F2837xD_GlobalVariableDefs.obj (ScidRegsFile)

InputXbarRegsFile 
*          1    00007900    00000020     UNINITIALIZED
                  00007900    00000020     F2837xD_GlobalVariableDefs.obj (InputXbarRegsFile)

XbarRegsFile 
*          1    00007920    0000000e     UNINITIALIZED
                  00007920    0000000e     F2837xD_GlobalVariableDefs.obj (XbarRegsFile)

SyncSocRegsFile 
*          1    00007940    00000006     UNINITIALIZED
                  00007940    00000006     F2837xD_GlobalVariableDefs.obj (SyncSocRegsFile)

EPwmXbarRegsFile 
*          1    00007a00    00000040     UNINITIALIZED
                  00007a00    00000040     F2837xD_GlobalVariableDefs.obj (EPwmXbarRegsFile)

ClbXbarRegsFile 
*          1    00007a40    00000040     UNINITIALIZED
                  00007a40    00000040     F2837xD_GlobalVariableDefs.obj (ClbXbarRegsFile)

OutputXbarRegsFile 
*          1    00007a80    00000040     UNINITIALIZED
                  00007a80    00000040     F2837xD_GlobalVariableDefs.obj (OutputXbarRegsFile)

GpioCtrlRegsFile 
*          1    00007c00    00000180     UNINITIALIZED
                  00007c00    00000180     F2837xD_GlobalVariableDefs.obj (GpioCtrlRegsFile)

GpioDataRegsFile 
*          1    00007f00    00000030     UNINITIALIZED
                  00007f00    00000030     F2837xD_GlobalVariableDefs.obj (GpioDataRegsFile)

IpcRegsFile 
*          1    00050000    00000024     UNINITIALIZED
                  00050000    00000024     F2837xD_GlobalVariableDefs.obj (IpcRegsFile)

FlashPumpSemaphoreRegsFile 
*          1    00050024    00000002     UNINITIALIZED
                  00050024    00000002     F2837xD_GlobalVariableDefs.obj (FlashPumpSemaphoreRegsFile)

RomPrefetchRegsFile 
*          1    0005e608    00000002     UNINITIALIZED
                  0005e608    00000002     F2837xD_GlobalVariableDefs.obj (RomPrefetchRegsFile)

DcsmZ1RegsFile 
*          1    0005f000    00000022     UNINITIALIZED
                  0005f000    00000022     F2837xD_GlobalVariableDefs.obj (DcsmZ1RegsFile)

DcsmZ2RegsFile 
*          1    0005f040    00000022     UNINITIALIZED
                  0005f040    00000022     F2837xD_GlobalVariableDefs.obj (DcsmZ2RegsFile)

DcsmCommonRegsFile 
*          1    0005f070    00000006     UNINITIALIZED
                  0005f070    00000006     F2837xD_GlobalVariableDefs.obj (DcsmCommonRegsFile)

DmaRegsFile 
*          1    00001000    000000e0     UNINITIALIZED
                  00001000    000000e0     F2837xD_GlobalVariableDefs.obj (DmaRegsFile)

DmaClaSrcSelRegsFile 
*          1    00007980    0000001a     UNINITIALIZED
                  00007980    0000001a     F2837xD_GlobalVariableDefs.obj (DmaClaSrcSelRegsFile)

Emif1RegsFile 
*          1    00047000    00000028     UNINITIALIZED
                  00047000    00000028     F2837xD_GlobalVariableDefs.obj (Emif1RegsFile)

Emif2RegsFile 
*          1    00047800    00000028     UNINITIALIZED
                  00047800    00000028     F2837xD_GlobalVariableDefs.obj (Emif2RegsFile)

MemCfgRegsFile 
*          1    0005f400    00000076     UNINITIALIZED
                  0005f400    00000076     F2837xD_GlobalVariableDefs.obj (MemCfgRegsFile)

Emif1ConfigRegsFile 
*          1    0005f480    0000000a     UNINITIALIZED
                  0005f480    0000000a     F2837xD_GlobalVariableDefs.obj (Emif1ConfigRegsFile)

Emif2ConfigRegsFile 
*          1    0005f4a0    0000000a     UNINITIALIZED
                  0005f4a0    0000000a     F2837xD_GlobalVariableDefs.obj (Emif2ConfigRegsFile)

AccessProtectionRegsFile 
*          1    0005f4c0    0000002e     UNINITIALIZED
                  0005f4c0    0000002e     F2837xD_GlobalVariableDefs.obj (AccessProtectionRegsFile)

MemoryErrorRegsFile 
*          1    0005f500    0000003a     UNINITIALIZED
                  0005f500    0000003a     F2837xD_GlobalVariableDefs.obj (MemoryErrorRegsFile)

RomWaitStateRegsFile 
*          1    0005f540    00000002     UNINITIALIZED
                  0005f540    00000002     F2837xD_GlobalVariableDefs.obj (RomWaitStateRegsFile)

Flash0CtrlRegsFile 
*          1    0005f800    00000182     UNINITIALIZED
                  0005f800    00000182     F2837xD_GlobalVariableDefs.obj (Flash0CtrlRegsFile)

Flash0EccRegsFile 
*          1    0005fb00    00000028     UNINITIALIZED
                  0005fb00    00000028     F2837xD_GlobalVariableDefs.obj (Flash0EccRegsFile)

DevCfgRegsFile 
*          1    0005d000    0000012e     UNINITIALIZED
                  0005d000    0000012e     F2837xD_GlobalVariableDefs.obj (DevCfgRegsFile)

ClkCfgRegsFile 
*          1    0005d200    00000032     UNINITIALIZED
                  0005d200    00000032     F2837xD_GlobalVariableDefs.obj (ClkCfgRegsFile)

CpuSysRegsFile 
*          1    0005d300    00000082     UNINITIALIZED
                  0005d300    00000082     F2837xD_GlobalVariableDefs.obj (CpuSysRegsFile)

.cinit     0    00084f64    00000f6e     
                  00084f64    00000e0d     racecar_shiftlight_data.obj (.cinit)
                  00085d71    0000005b     xcp_ext_classic_trigger.obj (.cinit)
                  00085dcc    0000004c     xcp_ext_common.obj (.cinit)
                  00085e18    0000001e     xcp_daq.obj (.cinit)
                  00085e36    00000014     xcp.obj (.cinit)
                  00085e4a    00000014     xcp_frame_serial.obj (.cinit)
                  00085e5e    0000000f     xcp_standard.obj (.cinit)
                  00085e6d    0000000e     rts2800_fpu32.lib : exit.c.obj (.cinit)
                  00085e7b    0000000a     c2837xDBoard_Realtime_Support.obj (.cinit)
                  00085e85    00000009     xcp_mem_default.obj (.cinit:_xcpMemMainBlockSizes)
                  00085e8e    00000009     xcp_mem_default.obj (.cinit:_xcpMemMainBlocksNumber)
                  00085e97    00000008     ert_main.obj (.cinit)
                  00085e9f    00000008     xcp_drv_rtiostream.obj (.cinit)
                  00085ea7    00000008     xcp_transport.obj (.cinit)
                  00085eaf    00000005     rts2800_fpu32.lib : _lock.c.obj (.cinit:__lock)
                  00085eb4    00000005                       : _lock.c.obj (.cinit:__unlock)
                  00085eb9    00000005     xcp_ext_common.obj (.cinit:_xcpCurrentSimulationTimeInTicks)
                  00085ebe    00000005     rtiostream_serial_c28x_ext_xcp.obj (.cinit)
                  00085ec3    00000005     xcp_calibration.obj (.cinit)
                  00085ec8    00000004     MW_c28xGPIO.obj (.cinit)
                  00085ecc    00000004     MW_c28xGlobalInterrupts.obj (.cinit)
                  00085ed0    00000002     --HOLE-- [fill = 0]

.pinit     0    00080004    00000000     UNINITIALIZED

.text      0    00080064    00004ebe     
                  00080064    00000c1c     xcp_daq.obj (.text)
                  00080c80    000009df     racecar_shiftlight.obj (.text)
                  0008165f    00000585     F2837xD_DefaultISR.obj (.text:retain)
                  00081be4    000004cb     can.obj (.text)
                  000820af    000004aa     F2837xD_SysCtrl.obj (.text)
                  00082559    00000477     xcp_mem_default.obj (.text)
                  000829d0    000003b5     xcp.obj (.text)
                  00082d85    000002ea     xcp_transport.obj (.text)
                  0008306f    000002da     F2837xD_Ipc_Driver_Lite.obj (.text)
                  00083349    0000029b     c2837xDBoard_Realtime_Support.obj (.text)
                  000835e4    00000244     F2837xD_Gpio.obj (.text)
                  00083828    0000022a     xcp_standard.obj (.text)
                  00083a52    0000020f     xcp_frame_serial.obj (.text)
                  00083c61    000001b6     xcp_ext_classic_trigger.obj (.text)
                  00083e17    00000193     xcp_ext_common.obj (.text)
                  00083faa    00000188     dma.obj (.text)
                  00084132    0000016f     xcp_ext_mode.obj (.text)
                  000842a1    00000168     xcp_drv_rtiostream.obj (.text)
                  00084409    00000138     rtiostream_serial_c28x_ext_xcp.obj (.text)
                  00084541    000000e5     c2837xDBoard_Realtime_Support.obj (.text:retain)
                  00084626    000000dc     MW_c28xx_board.obj (.text)
                  00084702    000000d4     xcp_calibration.obj (.text)
                  000847d6    000000c8     ert_main.obj (.text)
                  0008489e    000000b9     datamodify_xcp.obj (.text)
                  00084957    0000009c     MW_c28xx_can.obj (.text)
                  000849f3    00000092     rt_nonfinite.obj (.text)
                  00084a85    0000007c     F2837xD_CpuTimers.obj (.text)
                  00084b01    0000006f     c2837xDSchedulerTimer0.obj (.text)
                  00084b70    00000065     MW_c28xx_dma.obj (.text)
                  00084bd5    0000005f     xcp_fifo.obj (.text)
                  00084c34    0000005a     xcp_utils.obj (.text)
                  00084c8e    00000056     rts2800_fpu32.lib : boot28.asm.obj (.text)
                  00084ce4    00000044     c2837xDSchedulerTimer0.obj (.text:retain)
                  00084d28    00000044     rtGetInf.obj (.text)
                  00084d6c    00000031     MW_c28xGPIO.obj (.text)
                  00084d9d    00000031     MW_c28xx_pwm.obj (.text)
                  00084dce    0000002a     rtGetNaN.obj (.text)
                  00084df8    00000029     rts2800_fpu32.lib : exit.c.obj (.text)
                  00084e21    00000028     F2837xD_PieCtrl.obj (.text)
                  00084e49    00000026     F2837xD_PieVect.obj (.text)
                  00084e6f    00000024     rts2800_fpu32.lib : cpy_tbl.c.obj (.text)
                  00084e93    0000001f     xcp_ext_param_default_serial.obj (.text)
                  00084eb2    0000001d     rts2800_fpu32.lib : memcpy.c.obj (.text)
                  00084ecf    00000014     MW_c28xGlobalInterrupts.obj (.text)
                  00084ee3    00000012     rts2800_fpu32.lib : args_main.c.obj (.text)
                  00084ef5    0000000b                       : u_div28.asm.obj (.text)
                  00084f00    00000009                       : _lock.c.obj (.text)
                  00084f09    00000008     F2837xD_CodeStartBranch.obj (.text)
                  00084f11    00000007     memcpy_fast.obj (.text)
                  00084f18    00000007     rts2800_fpu32.lib : memset.c.obj (.text)
                  00084f1f    00000002                       : pre_init.c.obj (.text)
                  00084f21    00000001                       : startup.c.obj (.text)

.TI.ramfunc 
*          0    00084f24    0000003f     RUN ADDR = 00008060
                  00084f24    00000037     F2837xD_SysCtrl.obj (.TI.ramfunc)
                  00084f5b    00000004     F2837xD_usDelay.obj (.TI.ramfunc)
                  00084f5f    00000004     sysctl.obj (.TI.ramfunc)

.econst    0    00085ed4    00000244     
                  00085ed4    000001c0     F2837xD_PieVect.obj (.econst:_PieVectTableInit)
                  00086094    00000048     xcp_daq.obj (.econst:_daqSupportedRxPacket)
                  000860dc    0000002a     xcp_standard.obj (.econst:_standardSupportedRxPacket)
                  00086106    0000000c     xcp_calibration.obj (.econst:_calibrationSupportedRxPacket)
                  00086112    00000004     racecar_shiftlight.obj (.econst)
                  00086116    00000002     rtGetNaN.obj (.econst:_$P$T0$1)

.switch    0    00086118    0000005e     
                  00086118    00000024     c2837xDBoard_Realtime_Support.obj (.switch:_CPU02toCPU01IPC0IntHandler)
                  0008613c    0000001e     xcp.obj (.switch:_genericOutputPacketHandler)
                  0008615a    0000001c     c2837xDBoard_Realtime_Support.obj (.switch:_setInXBARForCPU2)

.stack     1    00000122    00000400     UNINITIALIZED
                  00000122    00000400     --HOLE--

.reset     0    003fffc0    00000002     DSECT
                  003fffc0    00000002     rts2800_fpu32.lib : boot28.asm.obj (.reset)

GETBUFFER 
*          0    0003f800    00000000     DSECT

GETWRITEIDX 
*          0    0003f800    00000000     DSECT

PUTREADIDX 
*          0    0003f800    00000000     DSECT

WRITEFLAG1CPU2 
*          0    0003f800    00000000     DSECT

WRITEFLAG2CPU2 
*          0    0003f800    00000000     DSECT

READFLAG1CPU2 
*          0    0003f800    00000000     DSECT

READFLAG2CPU2 
*          0    0003f800    00000000     DSECT

.ebss      1    0000e000    000019d3     UNINITIALIZED
                  0000e000    00000e0a     racecar_shiftlight_data.obj (.ebss)
                  0000ee0a    00000028     racecar_shiftlight.obj (.ebss:_systemRan$3)
                  0000ee32    0000000c     rt_nonfinite.obj (.ebss)
                  0000ee3e    00000002     rts2800_fpu32.lib : _lock.c.obj (.ebss:__lock)
                  0000ee40    000006e6     xcp_mem_default.obj (.ebss:_xcpMemReservedPoolsChunk)
                  0000f526    00000018     F2837xD_CpuTimers.obj (.ebss)
                  0000f53e    00000002     rts2800_fpu32.lib : _lock.c.obj (.ebss:__unlock)
                  0000f540    0000018c     racecar_shiftlight.obj (.ebss:_duty_cycle_table)
                  0000f6cc    0000001e     xcp_ext_common.obj (.ebss)
                  0000f6ea    00000010     can_datatype_ground.obj (.ebss)
                  0000f6fa    00000006     xcp_mem_default.obj (.ebss:_xcpMemMainBlockSizes)
                  0000f700    000000ea     racecar_shiftlight.obj (.ebss)
                  0000f7ea    00000008     xcp.obj (.ebss:_groupPacketLookup)
                  0000f7f2    00000008     xcp_transport.obj (.ebss:_txFifo)
                  0000f7fa    00000006     xcp_mem_default.obj (.ebss:_xcpMemMainBlocksNumber)
                  0000f800    000000df     xcp_mem_default.obj (.ebss:_xcpMemMainChunk)
                  0000f8df    00000001     MW_c28xGPIO.obj (.ebss)
                  0000f8e0    0000001c     xcp_ext_classic_trigger.obj (.ebss)
                  0000f8fc    00000004     xcp_transport.obj (.ebss:_rxFifo)
                  0000f900    00000042     datamodify_xcp.obj (.ebss)
                  0000f942    0000003c     xcp_mem_default.obj (.ebss:_xcpMemPoolDescriptors)
                  0000f97e    00000002     rtiostream_serial_c28x_ext_xcp.obj (.ebss)
                  0000f980    00000018     xcp_daq.obj (.ebss)
                  0000f998    00000008     xcp_standard.obj (.ebss)
                  0000f9a0    00000006     c2837xDBoard_Realtime_Support.obj (.ebss)
                  0000f9a6    00000006     rts2800_fpu32.lib : exit.c.obj (.ebss)
                  0000f9ac    00000005     xcp.obj (.ebss)
                  0000f9b1    00000005     xcp_frame_serial.obj (.ebss)
                  0000f9b6    00000004     xcp_ext_common.obj (.ebss:_xcpCurrentSimulationTimeInTicks)
                  0000f9ba    00000004     xcp_ext_mode.obj (.ebss:_xcpCustomTriggerFunction)
                  0000f9be    00000002     xcp_calibration.obj (.ebss)
                  0000f9c0    00000004     xcp_mem_default.obj (.ebss:_xcpMemCustomPoolDescriptors)
                  0000f9c4    00000004     ert_main.obj (.ebss)
                  0000f9c8    00000004     xcp_mem_default.obj (.ebss)
                  0000f9cc    00000004     xcp_transport.obj (.ebss)
                  0000f9d0    00000002     xcp_drv_rtiostream.obj (.ebss)
                  0000f9d2    00000001     MW_c28xGlobalInterrupts.obj (.ebss)

MODULE SUMMARY

       Module                               code    initialized data   uninitialized data
       ------                               ----    ----------------   ------------------
    <current directory>
       F2837xD_GlobalVariableDefs.obj       0       0                  9854              
       racecar_shiftlight_data.obj          0       3597               3594              
       xcp_mem_default.obj                  1143    18                 2069              
       xcp_daq.obj                          3100    102                24                
       racecar_shiftlight.obj               2527    4                  670               
       F2837xD_DefaultISR.obj               1413    0                  0                 
       F2837xD_SysCtrl.obj                  1304    0                  0                 
       can.obj                              1227    0                  0                 
       xcp.obj                              949     50                 13                
       c2837xDBoard_Realtime_Support.obj    896     74                 6                 
       xcp_transport.obj                    746     8                  16                
       F2837xD_Ipc_Driver_Lite.obj          730     0                  0                 
       xcp_standard.obj                     554     57                 8                 
       F2837xD_Gpio.obj                     580     0                  0                 
       xcp_ext_classic_trigger.obj          438     91                 28                
       xcp_frame_serial.obj                 527     20                 5                 
       xcp_ext_common.obj                   403     81                 34                
       F2837xD_PieVect.obj                  38      448                0                 
       rtiostream_serial_c28x_ext_xcp.obj   422     5                  2                 
       dma.obj                              392     0                  0                 
       xcp_ext_mode.obj                     367     0                  4                 
       xcp_drv_rtiostream.obj               360     8                  2                 
       datamodify_xcp.obj                   267     0                  66                
       xcp_calibration.obj                  212     17                 2                 
       MW_c28xx_board.obj                   220     0                  0                 
       ert_main.obj                         200     8                  4                 
       c2837xDSchedulerTimer0.obj           179     0                  0                 
       rt_nonfinite.obj                     146     0                  12                
       MW_c28xx_can.obj                     156     0                  0                 
       F2837xD_CpuTimers.obj                124     0                  24                
       MW_c28xx_dma.obj                     101     0                  0                 
       xcp_fifo.obj                         95      0                  0                 
       xcp_utils.obj                        90      0                  0                 
       rtGetInf.obj                         68      0                  0                 
       MW_c28xGPIO.obj                      49      4                  1                 
       MW_c28xx_pwm.obj                     49      0                  0                 
       rtGetNaN.obj                         42      2                  0                 
       F2837xD_PieCtrl.obj                  40      0                  0                 
       xcp_ext_param_default_serial.obj     31      0                  0                 
       MW_c28xGlobalInterrupts.obj          20      4                  1                 
       can_datatype_ground.obj              0       0                  16                
       F2837xD_CodeStartBranch.obj          10      0                  0                 
       F2837xD_usDelay.obj                  8       0                  0                 
       sysctl.obj                           8       0                  0                 
       memcpy_fast.obj                      7       0                  0                 
    +--+------------------------------------+-------+------------------+--------------------+
       Total:                               20238   4598               16455             
                                                                                         
    C:/PROGRA~3/MATLAB/tic2000/3P778C~1.INS/TIC28X~1.INS/TI-CGT~1.LTS/lib/rts2800_fpu32.lib
       boot28.asm.obj                       86      0                  0                 
       exit.c.obj                           41      14                 6                 
       cpy_tbl.c.obj                        36      0                  0                 
       memcpy.c.obj                         29      0                  0                 
       _lock.c.obj                          9       10                 4                 
       args_main.c.obj                      18      0                  0                 
       u_div28.asm.obj                      11      0                  0                 
       memset.c.obj                         7       0                  0                 
       pre_init.c.obj                       2       0                  0                 
       startup.c.obj                        1       0                  0                 
    +--+------------------------------------+-------+------------------+--------------------+
       Total:                               240     24                 10                
                                                                                         
       Stack:                               0       0                  1024              
    +--+------------------------------------+-------+------------------+--------------------+
       Grand Total:                         20478   4622               17489             


GLOBAL DATA SYMBOLS: SORTED BY DATA PAGE

address     data page           name
--------    ----------------    ----
00000122       4 (00000100)     __stack

00000b00      2c (00000b00)     _AdcaResultRegs
00000b20      2c (00000b00)     _AdcbResultRegs

00000b40      2d (00000b40)     _AdccResultRegs
00000b60      2d (00000b40)     _AdcdResultRegs

00000c00      30 (00000c00)     _CpuTimer0Regs
00000c08      30 (00000c00)     _CpuTimer1Regs
00000c10      30 (00000c00)     _CpuTimer2Regs

00000ce0      33 (00000cc0)     _PieCtrlRegs

00000d00      34 (00000d00)     _PieVectTable

00001000      40 (00001000)     _DmaRegs

00001400      50 (00001400)     _Cla1Regs

00003000      c0 (00003000)     _Clb1LogicCfgRegs

00003100      c4 (00003100)     _Clb1LogicCtrlRegs

00003200      c8 (00003200)     _Clb1DataExchRegs

00003400      d0 (00003400)     _Clb2LogicCfgRegs

00003500      d4 (00003500)     _Clb2LogicCtrlRegs

00003600      d8 (00003600)     _Clb2DataExchRegs

00003800      e0 (00003800)     _Clb3LogicCfgRegs

00003900      e4 (00003900)     _Clb3LogicCtrlRegs

00003a00      e8 (00003a00)     _Clb3DataExchRegs

00003c00      f0 (00003c00)     _Clb4LogicCfgRegs

00003d00      f4 (00003d00)     _Clb4LogicCtrlRegs

00003e00      f8 (00003e00)     _Clb4DataExchRegs

00004000     100 (00004000)     _EPwm1Regs

00004100     104 (00004100)     _EPwm2Regs

00004200     108 (00004200)     _EPwm3Regs

00004300     10c (00004300)     _EPwm4Regs

00004400     110 (00004400)     _EPwm5Regs

00004500     114 (00004500)     _EPwm6Regs

00004600     118 (00004600)     _EPwm7Regs

00004700     11c (00004700)     _EPwm8Regs

00004800     120 (00004800)     _EPwm9Regs

00004900     124 (00004900)     _EPwm10Regs

00004a00     128 (00004a00)     _EPwm11Regs

00004b00     12c (00004b00)     _EPwm12Regs

00005000     140 (00005000)     _ECap1Regs
00005020     140 (00005000)     _ECap2Regs

00005040     141 (00005040)     _ECap3Regs
00005060     141 (00005040)     _ECap4Regs

00005080     142 (00005080)     _ECap5Regs
000050a0     142 (00005080)     _ECap6Regs

00005100     144 (00005100)     _EQep1Regs

00005140     145 (00005140)     _EQep2Regs

00005180     146 (00005180)     _EQep3Regs

00005c00     170 (00005c00)     _DacaRegs
00005c10     170 (00005c00)     _DacbRegs
00005c20     170 (00005c00)     _DaccRegs

00005c80     172 (00005c80)     _Cmpss1Regs
00005ca0     172 (00005c80)     _Cmpss2Regs

00005cc0     173 (00005cc0)     _Cmpss3Regs
00005ce0     173 (00005cc0)     _Cmpss4Regs

00005d00     174 (00005d00)     _Cmpss5Regs
00005d20     174 (00005d00)     _Cmpss6Regs

00005d40     175 (00005d40)     _Cmpss7Regs
00005d60     175 (00005d40)     _Cmpss8Regs

00005e00     178 (00005e00)     _Sdfm1Regs

00005e80     17a (00005e80)     _Sdfm2Regs

00006000     180 (00006000)     _McbspaRegs

00006040     181 (00006040)     _McbspbRegs

00006100     184 (00006100)     _SpiaRegs
00006110     184 (00006100)     _SpibRegs
00006120     184 (00006100)     _SpicRegs

00006200     188 (00006200)     _UppRegs

00007000     1c0 (00007000)     _WdRegs

00007060     1c1 (00007040)     _NmiIntruptRegs
00007070     1c1 (00007040)     _XintRegs

00007200     1c8 (00007200)     _SciaRegs
00007210     1c8 (00007200)     _ScibRegs
00007220     1c8 (00007200)     _ScicRegs
00007230     1c8 (00007200)     _ScidRegs

00007300     1cc (00007300)     _I2caRegs

00007340     1cd (00007340)     _I2cbRegs

00007400     1d0 (00007400)     _AdcaRegs

00007480     1d2 (00007480)     _AdcbRegs

00007500     1d4 (00007500)     _AdccRegs

00007580     1d6 (00007580)     _AdcdRegs

00007900     1e4 (00007900)     _InputXbarRegs
00007920     1e4 (00007900)     _XbarRegs

00007940     1e5 (00007940)     _SyncSocRegs

00007980     1e6 (00007980)     _DmaClaSrcSelRegs

00007a00     1e8 (00007a00)     _EPwmXbarRegs

00007a40     1e9 (00007a40)     _ClbXbarRegs

00007a80     1ea (00007a80)     _OutputXbarRegs

00007c00     1f0 (00007c00)     _GpioCtrlRegs

00007f00     1fc (00007f00)     _GpioDataRegs

0000e000     380 (0000e000)     _racecar_shiftlight_P

0000ee32     3b8 (0000ee00)     _rtInf
0000ee34     3b8 (0000ee00)     _rtMinusInf
0000ee36     3b8 (0000ee00)     _rtNaN
0000ee38     3b8 (0000ee00)     _rtInfF
0000ee3a     3b8 (0000ee00)     _rtMinusInfF
0000ee3c     3b8 (0000ee00)     _rtNaNF
0000ee3e     3b8 (0000ee00)     __lock

0000f526     3d4 (0000f500)     _CpuTimer0
0000f52e     3d4 (0000f500)     _CpuTimer1
0000f536     3d4 (0000f500)     _CpuTimer2
0000f53e     3d4 (0000f500)     __unlock

0000f540     3d5 (0000f540)     _duty_cycle_table

0000f6cc     3db (0000f6c0)     _xcpModelStartRequest
0000f6cd     3db (0000f6c0)     _xcpModelStopRequest
0000f6ce     3db (0000f6c0)     _xcpModelStatus
0000f6cf     3db (0000f6c0)     _xcpExtmodeSimulationComplete
0000f6d2     3db (0000f6c0)     _xcpModelChecksum0
0000f6d4     3db (0000f6c0)     _xcpModelChecksum1
0000f6d6     3db (0000f6c0)     _xcpModelChecksum2
0000f6d8     3db (0000f6c0)     _xcpModelChecksum3
0000f6da     3db (0000f6c0)     _xcpModelIntegerCode
0000f6dc     3db (0000f6c0)     _xcpExtmodeFinalSimulationTime
0000f6de     3db (0000f6c0)     _xcpDummyDoubleVariable
0000f6ea     3db (0000f6c0)     _CAN_DATATYPE_GROUND

0000f722     3dc (0000f700)     _racecar_shiftlight_DW

0000f740     3dd (0000f740)     _racecar_shiftlight_B

0000f8df     3e3 (0000f8c0)     _GPIO_oneTimeInit
0000f8e0     3e3 (0000f8c0)     _xcpClassicTriggerEventId
0000f8e1     3e3 (0000f8c0)     _xcpClassicTriggerSignalAddressExtension
0000f8e2     3e3 (0000f8c0)     _xcpClassicTriggerDirection
0000f8e3     3e3 (0000f8c0)     _xcpClassicTriggerArmRequest
0000f8e4     3e3 (0000f8c0)     _xcpClassicTriggerCancelRequest
0000f8e5     3e3 (0000f8c0)     _xcpClassicTriggerSource
0000f8e6     3e3 (0000f8c0)     _xcpClassicTriggerMode
0000f8e7     3e3 (0000f8c0)     _xcpClassicTriggerStatus
0000f8ee     3e3 (0000f8c0)     _xcpClassicTriggerSignalAddress
0000f8f0     3e3 (0000f8c0)     _xcpClassicTriggerLevel
0000f8f2     3e3 (0000f8c0)     _xcpClassicTriggerDuration
0000f8f4     3e3 (0000f8c0)     _xcpClassicTriggerHoldOff
0000f8f6     3e3 (0000f8c0)     _xcpClassicTriggerDelay

0000f900     3e4 (0000f900)     _queRx

0000f97e     3e5 (0000f940)     _MW_SCI_PTR

0000f9a0     3e6 (0000f980)     _ErrorFlag
0000f9a2     3e6 (0000f980)     _mwInitStart
0000f9a4     3e6 (0000f980)     _mwInitEnd
0000f9a6     3e6 (0000f980)     ___TI_enable_exit_profile_output
0000f9a8     3e6 (0000f980)     ___TI_cleanup_ptr
0000f9aa     3e6 (0000f980)     ___TI_dtors_ptr
0000f9b6     3e6 (0000f980)     _xcpCurrentSimulationTimeInTicks

0000f9c4     3e7 (0000f9c0)     _IsrOverrun
0000f9c6     3e7 (0000f9c0)     _stopRequested
0000f9c7     3e7 (0000f9c0)     _runModel
0000f9d2     3e7 (0000f9c0)     _MW_InterruptDisableLock

00047000    11c0 (00047000)     _Emif1Regs

00047800    11e0 (00047800)     _Emif2Regs

00048000    1200 (00048000)     _CanaRegs

0004a000    1280 (0004a000)     _CanbRegs

00050000    1400 (00050000)     _IpcRegs
00050024    1400 (00050000)     _FlashPumpSemaphoreRegs

0005d000    1740 (0005d000)     _DevCfgRegs

0005d180    1746 (0005d180)     _AnalogSubsysRegs

0005d200    1748 (0005d200)     _ClkCfgRegs

0005d300    174c (0005d300)     _CpuSysRegs

0005e608    1798 (0005e600)     _RomPrefetchRegs

0005f000    17c0 (0005f000)     _DcsmZ1Regs

0005f040    17c1 (0005f040)     _DcsmZ2Regs
0005f070    17c1 (0005f040)     _DcsmCommonRegs

0005f400    17d0 (0005f400)     _MemCfgRegs

0005f480    17d2 (0005f480)     _Emif1ConfigRegs
0005f4a0    17d2 (0005f480)     _Emif2ConfigRegs

0005f4c0    17d3 (0005f4c0)     _AccessProtectionRegs

0005f500    17d4 (0005f500)     _MemoryErrorRegs

0005f540    17d5 (0005f540)     _RomWaitStateRegs

0005f800    17e0 (0005f800)     _Flash0CtrlRegs

0005fb00    17ec (0005fb00)     _Flash0EccRegs

00085ed4    217b (00085ec0)     _PieVectTableInit

00086114    2184 (00086100)     _racecar_shiftlight_M


GLOBAL SYMBOLS: SORTED ALPHABETICALLY BY Name 

page  address   name                                            
----  -------   ----                                            
0     00080064  .text                                           
0     00084df8  C$$EXIT                                         
0     00084ef5  U$$DIV                                          
0     00084efa  U$$MOD                                          
0     0008171d  _ADCA1_ISR                                      
0     0008199d  _ADCA2_ISR                                      
0     000819a7  _ADCA3_ISR                                      
0     000819b1  _ADCA4_ISR                                      
0     00081993  _ADCA_EVT_ISR                                   
0     00081727  _ADCB1_ISR                                      
0     000819c5  _ADCB2_ISR                                      
0     000819cf  _ADCB3_ISR                                      
0     000819d9  _ADCB4_ISR                                      
0     000819bb  _ADCB_EVT_ISR                                   
0     00081731  _ADCC1_ISR                                      
0     00081b2d  _ADCC2_ISR                                      
0     00081b37  _ADCC3_ISR                                      
0     00081b41  _ADCC4_ISR                                      
0     00081b23  _ADCC_EVT_ISR                                   
0     0008174f  _ADCD1_ISR                                      
0     00081b55  _ADCD2_ISR                                      
0     00081b5f  _ADCD3_ISR                                      
0     00081b69  _ADCD4_ISR                                      
0     00081b4b  _ADCD_EVT_ISR                                   
0     00081ba5  _AUX_PLL_SLIP_ISR                               
1     0005f4c0  _AccessProtectionRegs                           
1     00007400  _AdcaRegs                                       
1     00000b00  _AdcaResultRegs                                 
1     00007480  _AdcbRegs                                       
1     00000b20  _AdcbResultRegs                                 
1     00007500  _AdccRegs                                       
1     00000b40  _AdccResultRegs                                 
1     00007580  _AdcdRegs                                       
1     00000b60  _AdcdResultRegs                                 
1     0005d180  _AnalogSubsysRegs                               
0     000824e8  _AuxAuxClkSel                                   
0     000824d2  _AuxIntOsc2Sel                                  
0     000824dc  _AuxXtalOscSel                                  
0     000848e7  _BytePacker16bits                               
0     000848c1  _BytePacker32bits                               
0     0008489e  _BytePackerInplace32bits                        
0     0008196b  _CANA0_ISR                                      
0     00081975  _CANA1_ISR                                      
0     0008197f  _CANB0_ISR                                      
0     00081989  _CANB1_ISR                                      
1     0000f6ea  _CAN_DATATYPE_GROUND                            
0     00081cf8  _CAN_clearInterruptStatus                       
0     0008203e  _CAN_clearMessage                               
0     00082082  _CAN_disableAllMessageObjects                   
0     00082060  _CAN_disableMessageObject                       
0     00081c6f  _CAN_initModule                                 
0     00081f74  _CAN_readMessage                                
0     00081fc5  _CAN_readMessageWithID                          
0     00081dde  _CAN_sendMessage                                
0     00081e25  _CAN_sendMessage_16bit                          
0     00081e6c  _CAN_sendMessage_32bit                          
0     00081eb3  _CAN_sendMessage_updateDLC                      
0     00081f40  _CAN_sendRemoteRequestMessage                   
0     00081c82  _CAN_setBitRate                                 
0     00081cc6  _CAN_setBitTiming                               
0     00081d26  _CAN_setupMessageObject                         
0     00081ff8  _CAN_transferMessage                            
0     000819e3  _CLA1_1_ISR                                     
0     000819ed  _CLA1_2_ISR                                     
0     000819f7  _CLA1_3_ISR                                     
0     00081a01  _CLA1_4_ISR                                     
0     00081a0b  _CLA1_5_ISR                                     
0     00081a15  _CLA1_6_ISR                                     
0     00081a1f  _CLA1_7_ISR                                     
0     00081a29  _CLA1_8_ISR                                     
0     00081baf  _CLA_OVERFLOW_ISR                               
0     00081bb9  _CLA_UNDERFLOW_ISR                              
0     00084541  _CPU02toCPU01IPC0IntHandler                     
1     00048000  _CanaRegs                                       
1     0004a000  _CanbRegs                                       
1     00001400  _Cla1Regs                                       
1     00003200  _Clb1DataExchRegs                               
1     00003000  _Clb1LogicCfgRegs                               
1     00003100  _Clb1LogicCtrlRegs                              
1     00003600  _Clb2DataExchRegs                               
1     00003400  _Clb2LogicCfgRegs                               
1     00003500  _Clb2LogicCtrlRegs                              
1     00003a00  _Clb3DataExchRegs                               
1     00003800  _Clb3LogicCfgRegs                               
1     00003900  _Clb3LogicCtrlRegs                              
1     00003e00  _Clb4DataExchRegs                               
1     00003c00  _Clb4LogicCfgRegs                               
1     00003d00  _Clb4LogicCtrlRegs                              
1     00007a40  _ClbXbarRegs                                    
1     0005d200  _ClkCfgRegs                                     
1     00005c80  _Cmpss1Regs                                     
1     00005ca0  _Cmpss2Regs                                     
1     00005cc0  _Cmpss3Regs                                     
1     00005ce0  _Cmpss4Regs                                     
1     00005d00  _Cmpss5Regs                                     
1     00005d20  _Cmpss6Regs                                     
1     00005d40  _Cmpss7Regs                                     
1     00005d60  _Cmpss8Regs                                     
0     00084ac6  _ConfigCpuTimer                                 
0     0008253c  _ConfigureTMXAnalogTrim                         
1     0005d300  _CpuSysRegs                                     
1     0000f526  _CpuTimer0                                      
1     00000c00  _CpuTimer0Regs                                  
1     0000f52e  _CpuTimer1                                      
1     00000c08  _CpuTimer1Regs                                  
1     0000f536  _CpuTimer2                                      
1     00000c10  _CpuTimer2Regs                                  
0     0008247d  _CsmUnlock                                      
0     00081673  _DATALOG_ISR                                    
0     000818b7  _DMA_CH1_ISR                                    
0     000818c1  _DMA_CH2_ISR                                    
0     000818cb  _DMA_CH3_ISR                                    
0     000818d5  _DMA_CH4_ISR                                    
0     000818df  _DMA_CH5_ISR                                    
0     000818e9  _DMA_CH6_ISR                                    
0     00083fd6  _DMA_configAddresses                            
0     00083ff2  _DMA_configBurst                                
0     000840cc  _DMA_configChannel                              
0     00084038  _DMA_configMode                                 
0     00084004  _DMA_configTransfer                             
0     0008401a  _DMA_configWrap                                 
1     00005c00  _DacaRegs                                       
1     00005c10  _DacbRegs                                       
1     00005c20  _DaccRegs                                       
1     0005f070  _DcsmCommonRegs                                 
1     0005f000  _DcsmZ1Regs                                     
1     0005f040  _DcsmZ2Regs                                     
0     00083342  _DelayLoop                                      
1     0005d000  _DevCfgRegs                                     
0     00082192  _DisableDog                                     
0     00082153  _DisablePeripheralClocks                        
1     00007980  _DmaClaSrcSelRegs                               
1     00001000  _DmaRegs                                        
0     0008180d  _ECAP1_ISR                                      
0     00081817  _ECAP2_ISR                                      
0     00081821  _ECAP3_ISR                                      
0     0008182b  _ECAP4_ISR                                      
0     00081835  _ECAP5_ISR                                      
0     0008183f  _ECAP6_ISR                                      
1     00005000  _ECap1Regs                                      
1     00005020  _ECap2Regs                                      
1     00005040  _ECap3Regs                                      
1     00005060  _ECap4Regs                                      
1     00005080  _ECap5Regs                                      
1     000050a0  _ECap6Regs                                      
0     00081b73  _EMIF_ERROR_ISR                                 
0     00081bcd  _EMPTY_ISR                                      
0     00081687  _EMU_ISR                                        
0     00081ac9  _EPWM10_ISR                                     
0     00081aa1  _EPWM10_TZ_ISR                                  
0     00081ad3  _EPWM11_ISR                                     
0     00081aab  _EPWM11_TZ_ISR                                  
0     00081add  _EPWM12_ISR                                     
0     00081ab5  _EPWM12_TZ_ISR                                  
0     000817bd  _EPWM1_ISR                                      
0     0008176d  _EPWM1_TZ_ISR                                   
0     000817c7  _EPWM2_ISR                                      
0     00081777  _EPWM2_TZ_ISR                                   
0     000817d1  _EPWM3_ISR                                      
0     00081781  _EPWM3_TZ_ISR                                   
0     000817db  _EPWM4_ISR                                      
0     0008178b  _EPWM4_TZ_ISR                                   
0     000817e5  _EPWM5_ISR                                      
0     00081795  _EPWM5_TZ_ISR                                   
0     000817ef  _EPWM6_ISR                                      
0     0008179f  _EPWM6_TZ_ISR                                   
0     000817f9  _EPWM7_ISR                                      
0     000817a9  _EPWM7_TZ_ISR                                   
0     00081803  _EPWM8_ISR                                      
0     000817b3  _EPWM8_TZ_ISR                                   
0     00081abf  _EPWM9_ISR                                      
0     00081a97  _EPWM9_TZ_ISR                                   
1     00004900  _EPwm10Regs                                     
1     00004a00  _EPwm11Regs                                     
1     00004b00  _EPwm12Regs                                     
1     00004000  _EPwm1Regs                                      
1     00004100  _EPwm2Regs                                      
1     00004200  _EPwm3Regs                                      
1     00004300  _EPwm4Regs                                      
1     00004400  _EPwm5Regs                                      
1     00004500  _EPwm6Regs                                      
1     00004600  _EPwm7Regs                                      
1     00004700  _EPwm8Regs                                      
1     00004800  _EPwm9Regs                                      
1     00007a00  _EPwmXbarRegs                                   
0     00081849  _EQEP1_ISR                                      
0     00081853  _EQEP2_ISR                                      
0     0008185d  _EQEP3_ISR                                      
1     00005100  _EQep1Regs                                      
1     00005140  _EQep2Regs                                      
1     00005180  _EQep3Regs                                      
1     0005f480  _Emif1ConfigRegs                                
1     00047000  _Emif1Regs                                      
1     0005f4a0  _Emif2ConfigRegs                                
1     00047800  _Emif2Regs                                      
0     00084e40  _EnableInterrupts                               
1     0000f9a0  _ErrorFlag                                      
0     00008097  _F28x_usDelay                                   
0     00081b87  _FLASH_CORRECTABLE_ERROR_ISR                    
0     00081a5b  _FPU_OVERFLOW_ISR                               
0     00081a65  _FPU_UNDERFLOW_ISR                              
1     0005f800  _Flash0CtrlRegs                                 
1     0005fb00  _Flash0EccRegs                                  
0     00008089  _FlashOff                                       
1     00050024  _FlashPumpSemaphoreRegs                         
0     000837dd  _GPIO_EnableUnbondedIOPullups                   
0     000837b8  _GPIO_EnableUnbondedIOPullupsFor100Pin          
0     0008379f  _GPIO_EnableUnbondedIOPullupsFor176Pin          
0     000837f3  _GPIO_ReadPin                                   
0     00083744  _GPIO_SetupLock                                 
0     00083624  _GPIO_SetupPinMux                               
0     000836b0  _GPIO_SetupPinOptions                           
0     0008376d  _GPIO_SetupXINT1Gpio                            
0     00083777  _GPIO_SetupXINT2Gpio                            
0     00083781  _GPIO_SetupXINT3Gpio                            
0     0008378b  _GPIO_SetupXINT4Gpio                            
0     00083795  _GPIO_SetupXINT5Gpio                            
0     00084d77  _GPIO_TogglePin                                 
0     0008380a  _GPIO_WritePin                                  
1     0000f8df  _GPIO_oneTimeInit                               
1     00007c00  _GpioCtrlRegs                                   
1     00007f00  _GpioDataRegs                                   
0     00082506  _HALT                                           
0     0008251f  _HIB                                            
0     000818fd  _I2CA_FIFO_ISR                                  
0     000818f3  _I2CA_ISR                                       
0     00081911  _I2CB_FIFO_ISR                                  
0     00081907  _I2CB_ISR                                       
1     00007300  _I2caRegs                                       
1     00007340  _I2cbRegs                                       
0     000824f2  _IDLE                                           
0     0008169b  _ILLEGAL_ISR                                    
0     00081a6f  _IPC0_ISR                                       
0     00081a79  _IPC1_ISR                                       
0     00081a83  _IPC2_ISR                                       
0     00081a8d  _IPC3_ISR                                       
0     00083101  _IPCLiteLtoRClearBits                           
0     0008312b  _IPCLiteLtoRClearBits_Protected                 
0     0008308a  _IPCLiteLtoRDataRead                            
0     00083155  _IPCLiteLtoRDataWrite                           
0     0008317a  _IPCLiteLtoRDataWrite_Protected                 
0     0008319f  _IPCLiteLtoRFunctionCall                        
0     0008306f  _IPCLiteLtoRGetResult                           
0     000830ad  _IPCLiteLtoRSetBits                             
0     000830d7  _IPCLiteLtoRSetBits_Protected                   
0     000831bb  _IPCLiteReqMemAccess                            
0     00083265  _IPCLiteRtoLClearBits                           
0     00083295  _IPCLiteRtoLClearBits_Protected                 
0     000831df  _IPCLiteRtoLDataRead                            
0     000832c8  _IPCLiteRtoLDataWrite                           
0     000832f5  _IPCLiteRtoLDataWrite_Protected                 
0     00083325  _IPCLiteRtoLFunctionCall                        
0     00083206  _IPCLiteRtoLSetBits                             
0     00083234  _IPCLiteRtoLSetBits_Protected                   
0     0008238e  _InitAuxPll                                     
0     00084a85  _InitCpuTimers                                  
0     00008060  _InitFlash                                      
0     000835e4  _InitGpio                                       
0     000820cf  _InitPeripheralClocks                           
0     00084e21  _InitPieCtrl                                    
0     00084e49  _InitPieVectTable                               
0     000820af  _InitSysCtrl                                    
0     000821a0  _InitSysPll                                     
1     00007900  _InputXbarRegs                                  
1     00050000  _IpcRegs                                        
1     0000f9c4  _IsrOverrun                                     
0     0008188f  _MCBSPA_RX_ISR                                  
0     00081899  _MCBSPA_TX_ISR                                  
0     000818a3  _MCBSPB_RX_ISR                                  
0     000818ad  _MCBSPB_TX_ISR                                  
1     0000f9d2  _MW_InterruptDisableLock                        
0     00084f63  _MW_RamfuncsLoadEnd                             
abs   0000003f  _MW_RamfuncsLoadSize                            
0     00084f24  _MW_RamfuncsLoadStart                           
0     0000809f  _MW_RamfuncsRunEnd                              
abs   0000003f  _MW_RamfuncsRunSize                             
0     00008060  _MW_RamfuncsRunStart                            
1     0000f97e  _MW_SCI_PTR                                     
1     00006000  _McbspaRegs                                     
1     00006040  _McbspbRegs                                     
1     0005f400  _MemCfgRegs                                     
1     0005f500  _MemoryErrorRegs                                
0     00081691  _NMI_ISR                                        
0     00081bda  _NOTUSED_ISR                                    
1     00007060  _NmiIntruptRegs                                 
0     00084d6c  _OneTimeGpioInit                                
1     00007a80  _OutputXbarRegs                                 
0     00081bc3  _PIE_RESERVED_ISR                               
1     00000ce0  _PieCtrlRegs                                    
1     00000d00  _PieVectTable                                   
0     00085ed4  _PieVectTableInit                               
0     00081b91  _RAM_ACCESS_VIOLATION_ISR                       
0     00081b7d  _RAM_CORRECTABLE_ERROR_ISR                      
0     0008167d  _RTOS_ISR                                       
0     00080064  _RamfuncsLoadEnd                                
abs   00000060  _RamfuncsLoadSize                               
0     00080004  _RamfuncsLoadStart                              
0     00008060  _RamfuncsRunEnd                                 
abs   00000060  _RamfuncsRunSize                                
0     00008000  _RamfuncsRunStart                               
0     0008217a  _ReleaseFlashPump                               
1     0005e608  _RomPrefetchRegs                                
1     0005f540  _RomWaitStateRegs                               
0     00081943  _SCIA_RX_ISR                                    
0     0008194d  _SCIA_TX_ISR                                    
0     00081957  _SCIB_RX_ISR                                    
0     00081961  _SCIB_TX_ISR                                    
0     0008191b  _SCIC_RX_ISR                                    
0     00081925  _SCIC_TX_ISR                                    
0     0008192f  _SCID_RX_ISR                                    
0     00081939  _SCID_TX_ISR                                    
0     00008000  _SCIRXINT_isr                                   
0     00081ae7  _SD1_ISR                                        
0     00081af1  _SD2_ISR                                        
0     00081867  _SPIA_RX_ISR                                    
0     00081871  _SPIA_TX_ISR                                    
0     0008187b  _SPIB_RX_ISR                                    
0     00081885  _SPIB_TX_ISR                                    
0     00081afb  _SPIC_RX_ISR                                    
0     00081b05  _SPIC_TX_ISR                                    
0     000824fb  _STANDBY                                        
0     00081b9b  _SYS_PLL_SLIP_ISR                               
1     00007200  _SciaRegs                                       
1     00007210  _ScibRegs                                       
1     00007220  _ScicRegs                                       
1     00007230  _ScidRegs                                       
1     00005e00  _Sdfm1Regs                                      
1     00005e80  _Sdfm2Regs                                      
0     0008216b  _SeizeFlashPump                                 
0     00082184  _ServiceDog                                     
0     00084d8f  _Set_GPIOPin                                    
1     00006100  _SpiaRegs                                       
1     00006110  _SpibRegs                                       
1     00006120  _SpicRegs                                       
0     00084b9b  _StartDMA                                       
1     00007940  _SyncSocRegs                                    
0     0000809b  _SysCtl_delay                                   
0     0008249e  _SysIntOsc1Sel                                  
0     000824ae  _SysIntOsc2Sel                                  
0     000824c2  _SysXtalOscSel                                  
0     00081759  _TIMER0_ISR                                     
0     0008165f  _TIMER1_ISR                                     
0     00081669  _TIMER2_ISR                                     
0     00084ce4  _TINT0_isr                                      
0     00081b0f  _UPPA_ISR                                       
0     00081b19  _USBA_ISR                                       
0     000816ff  _USER10_ISR                                     
0     00081709  _USER11_ISR                                     
0     00081713  _USER12_ISR                                     
0     000816a5  _USER1_ISR                                      
0     000816af  _USER2_ISR                                      
0     000816b9  _USER3_ISR                                      
0     000816c3  _USER4_ISR                                      
0     000816cd  _USER5_ISR                                      
0     000816d7  _USER6_ISR                                      
0     000816e1  _USER7_ISR                                      
0     000816eb  _USER8_ISR                                      
0     000816f5  _USER9_ISR                                      
1     00006200  _UppRegs                                        
0     00081a51  _VCU_ISR                                        
0     00081763  _WAKE_ISR                                       
1     00007000  _WdRegs                                         
0     0008173b  _XINT1_ISR                                      
0     00081745  _XINT2_ISR                                      
0     00081a33  _XINT3_ISR                                      
0     00081a3d  _XINT4_ISR                                      
0     00081a47  _XINT5_ISR                                      
1     00007920  _XbarRegs                                       
1     00007070  _XintRegs                                       
1     00000522  __STACK_END                                     
abs   00000400  __STACK_SIZE                                    
1     0000f9a8  ___TI_cleanup_ptr                               
1     0000f9aa  ___TI_dtors_ptr                                 
1     0000f9a6  ___TI_enable_exit_profile_output                
abs   ffffffff  ___TI_pprof_out_hndl                            
abs   ffffffff  ___TI_prof_data_size                            
abs   ffffffff  ___TI_prof_data_start                           
abs   ffffffff  ___binit__                                      
abs   ffffffff  ___c_args__                                     
0     00084f64  ___cinit__                                      
0     00084f22  ___etext__                                      
abs   ffffffff  ___pinit__                                      
0     00080064  ___text__                                       
0     00084ee3  __args_main                                     
1     0000ee3e  __lock                                          
0     00084f08  __nop                                           
0     00084f04  __register_lock                                 
0     00084f00  __register_unlock                               
1     00000122  __stack                                         
0     00084f21  __system_post_cinit                             
0     00084f1f  __system_pre_init                               
1     0000f53e  __unlock                                        
0     00084df8  _abort                                          
0     00084930  _addElement                                     
0     00083349  _c2000_flash_init                               
0     00084c8e  _c_int00                                        
0     00084dc0  _config_ePWMSyncSource                          
0     00084d9d  _config_ePWM_GPIO                               
0     00084db0  _config_ePWM_TBSync                             
0     00084b01  _configureTimer0                                
0     00084e6f  _copy_in                                        
0     00008037  _deleteElement                                  
0     00084b4d  _disableTimer0Interrupt                         
1     0000f540  _duty_cycle_table                               
0     00084b43  _enableTimer0Interrupt                          
0     00084409  _enable_interrupts_sci                          
0     00084dfa  _exit                                           
0     0008422d  _extmodeBackgroundRun                           
0     000841e6  _extmodeEvent                                   
0     00084273  _extmodeGetEventTriggerEnable                   
0     00084256  _extmodeGetFinalSimulationTime                  
0     00084139  _extmodeInit                                    
0     00084132  _extmodeParseArgs                               
0     00084235  _extmodeReset                                   
0     0008428d  _extmodeSetEventTriggerEnable                   
0     0008426b  _extmodeSetFinalSimulationTime                  
0     00084252  _extmodeSimulationComplete                      
0     0008424e  _extmodeStartRequested                          
[...]
0     00083c45  _xcpFrameSetCtoReservedMemPoolId                
0     00083c4c  _xcpFrameReset                                  
0     00083d89  _xcpExtModeClassicTriggerInit                   
0     00083d98  _xcpExtModeClassicTriggerEnabled                
0     00083dd8  _xcpExtModeClassicTriggerReset                  
0     00083df8  _xcpExtModeClassicTriggerForceEnableStatusUpdate
0     00083e17  _xcp_void_printf                                
0     00083eb2  _xcpExtModeUpdateTime                           
0     00083eb9  _xcpExtModeGetUpdatedTimestamp                  
0     00083ec0  _xcpGetTimestamp                                
0     00083ed7  _xcpExtModeGetSimulationTime                    
0     00083ede  _xcpExtModeInit                                 
0     00083f06  _xcpExtModeRunBackground                        
0     00083f64  _xcpExtModeReset                                
0     00083fd6  _DMA_configAddresses                            
0     00083ff2  _DMA_configBurst                                
0     00084004  _DMA_configTransfer                             
0     0008401a  _DMA_configWrap                                 
0     00084038  _DMA_configMode                                 
0     000840cc  _DMA_configChannel                              
0     00084132  _extmodeParseArgs                               
0     00084139  _extmodeInit                                    
0     00084193  _extmodeWaitForHostRequest                      
0     000841e6  _extmodeEvent                                   
0     0008422d  _extmodeBackgroundRun                           
0     00084235  _extmodeReset                                   
0     0008424a  _extmodeStopRequested                           
0     0008424e  _extmodeStartRequested                          
0     00084252  _extmodeSimulationComplete                      
0     00084256  _extmodeGetFinalSimulationTime                  
0     0008426b  _extmodeSetFinalSimulationTime                  
0     00084273  _extmodeGetEventTriggerEnable                   
0     0008428d  _extmodeSetEventTriggerEnable                   
0     000842a1  _xcpDrvOpen                                     
0     000842bb  _xcpDrvIoctl                                    
0     000842cf  _xcpDrvSend                                     
0     0008433d  _xcpDrvRecv                                     
0     000843ab  _xcpDrvRecvUnknownSize                          
0     000843ee  _xcpDrvClose                                    
0     00084409  _enable_interrupts_sci                          
0     00084418  _rtIOStreamOpen                                 
0     00084436  _rtIOStreamClose                                
0     0008443c  _rtIOStreamSend                                 
0     0008444a  _rtIOStreamSend8Bits                            
0     00084458  _rtIOStreamRecv                                 
0     0008446e  _init_SCI_external_mode                         
0     000844de  _sci_rcv_external_mode                          
0     0008451c  _sci_xmit_external_mode                         
0     00084541  _CPU02toCPU01IPC0IntHandler                     
0     00084646  _init_board                                     
0     000847c4  _xcpCalibrationInit                             
0     000847c9  _xcpCalibrationGetPacketLookup                  
0     000847cd  _xcpCalibrationSetPacketLookup                  
0     000847d5  _xcpCalibrationReset                            
0     000847d6  _rt_OneStep                                     
0     000847f9  _main                                           
0     0008489e  _BytePackerInplace32bits                        
0     000848c1  _BytePacker32bits                               
0     000848e7  _BytePacker16bits                               
0     0008490a  _initQue                                        
0     00084917  _isEmpty                                        
0     00084923  _isFull                                         
0     00084930  _addElement                                     
0     00084982  _init_eCAN_B                                    
0     000849f3  _rt_InitInfAndNaN                               
0     00084a1b  _rtIsInf                                        
0     00084a33  _rtIsInfF                                       
0     00084a4b  _rtIsNaN                                        
0     00084a6e  _rtIsNaNF                                       
0     00084a85  _InitCpuTimers                                  
0     00084ac6  _ConfigCpuTimer                                 
0     00084b01  _configureTimer0                                
0     00084b3e  _stopTimer0                                     
0     00084b43  _enableTimer0Interrupt                          
0     00084b4d  _disableTimer0Interrupt                         
0     00084b65  _restoreTimer0Interrupt                         
0     00084b9b  _StartDMA                                       
0     00084ba0  _initDMA_ch1                                    
0     00084bd5  _xcpFifoInit                                    
0     00084bde  _xcpFifoEnqueue                                 
0     00084bed  _xcpFifoDequeue                                 
0     00084c00  _xcpFifoEnqueueHead                             
0     00084c0f  _xcpFifoSpliceHead                              
0     00084c25  _xcpFifoEmpty                                   
0     00084c2e  _xcpFifoReset                                   
0     00084c34  _xcpSortArray                                   
0     00084c8e  _c_int00                                        
0     00084ce4  _TINT0_isr                                      
0     00084d28  _rtGetInf                                       
0     00084d41  _rtGetInfF                                      
0     00084d4a  _rtGetMinusInf                                  
0     00084d63  _rtGetMinusInfF                                 
0     00084d6c  _OneTimeGpioInit                                
0     00084d77  _GPIO_TogglePin                                 
0     00084d8f  _Set_GPIOPin                                    
0     00084d9d  _config_ePWM_GPIO                               
0     00084db0  _config_ePWM_TBSync                             
0     00084dc0  _config_ePWMSyncSource                          
0     00084dce  _rtGetNaN                                       
0     00084de7  _rtGetNaNF                                      
0     00084df8  C$$EXIT                                         
0     00084df8  _abort                                          
0     00084dfa  _exit                                           
0     00084e21  _InitPieCtrl                                    
0     00084e40  _EnableInterrupts                               
0     00084e49  _InitPieVectTable                               
0     00084e6f  _copy_in                                        
0     00084e93  _xcpExtModeParseArgs                            
0     00084e98  _xcpTransportGetInitParameters                  
0     00084ea5  _xcpGetInitParameters                           
0     00084eb2  _memcpy                                         
0     00084ecf  _globalInterruptEnable                          
0     00084edb  _globalInterruptDisable                         
0     00084ee3  __args_main                                     
0     00084ef5  U$$DIV                                          
0     00084efa  U$$MOD                                          
0     00084f00  __register_unlock                               
0     00084f04  __register_lock                                 
0     00084f08  __nop                                           
0     00084f11  _memcpy_fast                                    
0     00084f18  _memset                                         
0     00084f1f  __system_pre_init                               
0     00084f21  __system_post_cinit                             
0     00084f22  ___etext__                                      
0     00084f22  etext                                           
0     00084f24  _MW_RamfuncsLoadStart                           
0     00084f63  _MW_RamfuncsLoadEnd                             
0     00084f64  ___cinit__                                      
0     00084f64  cinit                                           
0     00085ed4  _PieVectTableInit                               
0     00086114  _racecar_shiftlight_M                           
1     00000122  __stack                                         
1     00000522  __STACK_END                                     
1     00000b00  _AdcaResultRegs                                 
1     00000b20  _AdcbResultRegs                                 
1     00000b40  _AdccResultRegs                                 
1     00000b60  _AdcdResultRegs                                 
1     00000c00  _CpuTimer0Regs                                  
1     00000c08  _CpuTimer1Regs                                  
1     00000c10  _CpuTimer2Regs                                  
1     00000ce0  _PieCtrlRegs                                    
1     00000d00  _PieVectTable                                   
1     00001000  _DmaRegs                                        
1     00001400  _Cla1Regs                                       
1     00003000  _Clb1LogicCfgRegs                               
1     00003100  _Clb1LogicCtrlRegs                              
1     00003200  _Clb1DataExchRegs                               
1     00003400  _Clb2LogicCfgRegs                               
1     00003500  _Clb2LogicCtrlRegs                              
1     00003600  _Clb2DataExchRegs                               
1     00003800  _Clb3LogicCfgRegs                               
1     00003900  _Clb3LogicCtrlRegs                              
1     00003a00  _Clb3DataExchRegs                               
1     00003c00  _Clb4LogicCfgRegs                               
1     00003d00  _Clb4LogicCtrlRegs                              
1     00003e00  _Clb4DataExchRegs                               
1     00004000  _EPwm1Regs                                      
1     00004100  _EPwm2Regs                                      
1     00004200  _EPwm3Regs                                      
1     00004300  _EPwm4Regs                                      
1     00004400  _EPwm5Regs                                      
1     00004500  _EPwm6Regs                                      
1     00004600  _EPwm7Regs                                      
1     00004700  _EPwm8Regs                                      
1     00004800  _EPwm9Regs                                      
1     00004900  _EPwm10Regs                                     
1     00004a00  _EPwm11Regs                                     
1     00004b00  _EPwm12Regs                                     
1     00005000  _ECap1Regs                                      
1     00005020  _ECap2Regs                                      
1     00005040  _ECap3Regs                                      
1     00005060  _ECap4Regs                                      
1     00005080  _ECap5Regs                                      
1     000050a0  _ECap6Regs                                      
1     00005100  _EQep1Regs                                      
1     00005140  _EQep2Regs                                      
1     00005180  _EQep3Regs                                      
1     00005c00  _DacaRegs                                       
1     00005c10  _DacbRegs                                       
1     00005c20  _DaccRegs                                       
1     00005c80  _Cmpss1Regs                                     
1     00005ca0  _Cmpss2Regs                                     
1     00005cc0  _Cmpss3Regs                                     
1     00005ce0  _Cmpss4Regs                                     
1     00005d00  _Cmpss5Regs                                     
1     00005d20  _Cmpss6Regs                                     
1     00005d40  _Cmpss7Regs                                     
1     00005d60  _Cmpss8Regs                                     
1     00005e00  _Sdfm1Regs                                      
1     00005e80  _Sdfm2Regs                                      
1     00006000  _McbspaRegs                                     
1     00006040  _McbspbRegs                                     
1     00006100  _SpiaRegs                                       
1     00006110  _SpibRegs                                       
1     00006120  _SpicRegs                                       
1     00006200  _UppRegs                                        
1     00007000  _WdRegs                                         
1     00007060  _NmiIntruptRegs                                 
1     00007070  _XintRegs                                       
1     00007200  _SciaRegs                                       
1     00007210  _ScibRegs                                       
1     00007220  _ScicRegs                                       
1     00007230  _ScidRegs                                       
1     00007300  _I2caRegs                                       
1     00007340  _I2cbRegs                                       
1     00007400  _AdcaRegs                                       
1     00007480  _AdcbRegs                                       
1     00007500  _AdccRegs                                       
1     00007580  _AdcdRegs                                       
1     00007900  _InputXbarRegs                                  
1     00007920  _XbarRegs                                       
1     00007940  _SyncSocRegs                                    
1     00007980  _DmaClaSrcSelRegs                               
1     00007a00  _EPwmXbarRegs                                   
1     00007a40  _ClbXbarRegs                                    
1     00007a80  _OutputXbarRegs                                 
1     00007c00  _GpioCtrlRegs                                   
1     00007f00  _GpioDataRegs                                   
1     0000e000  _racecar_shiftlight_P                           
1     0000ee32  _rtInf                                          
1     0000ee34  _rtMinusInf                                     
1     0000ee36  _rtNaN                                          
1     0000ee38  _rtInfF                                         
1     0000ee3a  _rtMinusInfF                                    
1     0000ee3c  _rtNaNF                                         
1     0000ee3e  __lock                                          
1     0000f526  _CpuTimer0                                      
1     0000f52e  _CpuTimer1                                      
1     0000f536  _CpuTimer2                                      
1     0000f53e  __unlock                                        
1     0000f540  _duty_cycle_table                               
1     0000f6cc  _xcpModelStartRequest                           
1     0000f6cd  _xcpModelStopRequest                            
1     0000f6ce  _xcpModelStatus                                 
1     0000f6cf  _xcpExtmodeSimulationComplete                   
1     0000f6d2  _xcpModelChecksum0                              
1     0000f6d4  _xcpModelChecksum1                              
1     0000f6d6  _xcpModelChecksum2                              
1     0000f6d8  _xcpModelChecksum3                              
1     0000f6da  _xcpModelIntegerCode                            
1     0000f6dc  _xcpExtmodeFinalSimulationTime                  
1     0000f6de  _xcpDummyDoubleVariable                         
1     0000f6ea  _CAN_DATATYPE_GROUND                            
1     0000f722  _racecar_shiftlight_DW                          
1     0000f740  _racecar_shiftlight_B                           
1     0000f8df  _GPIO_oneTimeInit                               
1     0000f8e0  _xcpClassicTriggerEventId                       
1     0000f8e1  _xcpClassicTriggerSignalAddressExtension        
1     0000f8e2  _xcpClassicTriggerDirection                     
1     0000f8e3  _xcpClassicTriggerArmRequest                    
1     0000f8e4  _xcpClassicTriggerCancelRequest                 
1     0000f8e5  _xcpClassicTriggerSource                        
1     0000f8e6  _xcpClassicTriggerMode                          
1     0000f8e7  _xcpClassicTriggerStatus                        
1     0000f8ee  _xcpClassicTriggerSignalAddress                 
1     0000f8f0  _xcpClassicTriggerLevel                         
1     0000f8f2  _xcpClassicTriggerDuration                      
1     0000f8f4  _xcpClassicTriggerHoldOff                       
1     0000f8f6  _xcpClassicTriggerDelay                         
1     0000f900  _queRx                                          
1     0000f97e  _MW_SCI_PTR                                     
1     0000f9a0  _ErrorFlag                                      
1     0000f9a2  _mwInitStart                                    
1     0000f9a4  _mwInitEnd                                      
1     0000f9a6  ___TI_enable_exit_profile_output                
1     0000f9a8  ___TI_cleanup_ptr                               
1     0000f9aa  ___TI_dtors_ptr                                 
1     0000f9b6  _xcpCurrentSimulationTimeInTicks                
1     0000f9c4  _IsrOverrun                                     
1     0000f9c6  _stopRequested                                  
1     0000f9c7  _runModel                                       
1     0000f9d2  _MW_InterruptDisableLock                        
1     00047000  _Emif1Regs                                      
1     00047800  _Emif2Regs                                      
1     00048000  _CanaRegs                                       
1     0004a000  _CanbRegs                                       
1     00050000  _IpcRegs                                        
1     00050024  _FlashPumpSemaphoreRegs                         
1     0005d000  _DevCfgRegs                                     
1     0005d180  _AnalogSubsysRegs                               
1     0005d200  _ClkCfgRegs                                     
1     0005d300  _CpuSysRegs                                     
1     0005e608  _RomPrefetchRegs                                
1     0005f000  _DcsmZ1Regs                                     
1     0005f040  _DcsmZ2Regs                                     
1     0005f070  _DcsmCommonRegs                                 
1     0005f400  _MemCfgRegs                                     
1     0005f480  _Emif1ConfigRegs                                
1     0005f4a0  _Emif2ConfigRegs                                
1     0005f4c0  _AccessProtectionRegs                           
1     0005f500  _MemoryErrorRegs                                
1     0005f540  _RomWaitStateRegs                               
1     0005f800  _Flash0CtrlRegs                                 
1     0005fb00  _Flash0EccRegs                                  
abs   0000003f  _MW_RamfuncsLoadSize                            
abs   0000003f  _MW_RamfuncsRunSize                             
abs   00000060  _RamfuncsLoadSize                               
abs   00000060  _RamfuncsRunSize                                
abs   00000400  __STACK_SIZE                                    
abs   ffffffff  ___TI_pprof_out_hndl                            
abs   ffffffff  ___TI_prof_data_size                            
abs   ffffffff  ___TI_prof_data_start                           
abs   ffffffff  ___binit__                                      
abs   ffffffff  ___c_args__                                     
abs   ffffffff  ___pinit__                                      
abs   ffffffff  binit                                           
abs   ffffffff  pinit                                           

[628 symbols]
